../Library/Src/ST7735_SPI.c:24:6:ST7735_SPI_Trans	16	static
../Library/Src/ST7735_SPI.c:28:6:delay_ms	16	static
../Library/Src/ST7735_SPI.c:34:6:ST7735_Reset	8	static
../Library/Src/ST7735_SPI.c:40:6:ST7735_WriteCommand	16	static
../Library/Src/ST7735_SPI.c:45:6:ST7735_WriteData	16	static
../Library/Src/ST7735_SPI.c:51:6:ST7735_WriteData8	24	static
../Library/Src/ST7735_SPI.c:58:6:ST7735_WriteData16	24	static
../Library/Src/ST7735_SPI.c:67:6:ST7735_ExecuteCommandList	24	static
../Library/Src/ST7735_SPI.c:90:6:ST7735_SetAddressWindow	32	static
../Library/Src/ST7735_SPI.c:105:6:ST7735_SetCursor	16	static
../Library/Src/ST7735_SPI.c:115:6:ST7735_WriteRAM_Prepare	8	static
../Library/Src/ST7735_SPI.c:122:6:ST7735_DisplayON	8	static
../Library/Src/ST7735_SPI.c:129:6:ST7735_DisplayOFF	8	static
../Library/Src/ST7735_SPI.c:137:6:ST7735_DrawPixel	24	static
../Library/Src/ST7735_SPI.c:147:13:ST7735_WriteChar	48	static
../Library/Src/ST7735_SPI.c:163:6:ST7735_WriteString	32	static
../Library/Src/ST7735_SPI.c:184:6:ST7735_FillRectangle	32	static
../Library/Src/ST7735_SPI.c:201:6:ST7735_FillScreen	24	static
../Library/Src/ST7735_SPI.c:204:6:ST7735_InvertColors	16	static
../Library/Src/ST7735_SPI.c:210:6:ST7735_DrawImage	32	static
../Library/Src/ST7735_SPI.c:222:6:drawHline	32	static
../Library/Src/ST7735_SPI.c:229:6:drawVline	32	static
../Library/Src/ST7735_SPI.c:236:6:drawRect	24	static
../Library/Src/ST7735_SPI.c:244:6:ST7735_Init	8	static
