../Core/Src/main.c:83:6:HAL_GPIO_EXTI_Callback	16	static
../Core/Src/main.c:134:5:main	24	static
../Core/Src/main.c:202:6:SystemClock_Config	72	static
../Core/Src/main.c:239:13:MX_SPI1_Init	8	static
../Core/Src/main.c:277:13:MX_SPI2_Init	8	static
../Core/Src/main.c:315:13:MX_USART2_UART_Init	8	static
../Core/Src/main.c:348:13:MX_GPIO_Init	32	static
../Core/Src/main.c:409:6:Lora_setup	4	static
../Core/Src/main.c:426:6:configureGPRS	112	static
../Core/Src/main.c:448:6:sendDataToThingSpeak	536	static
../Core/Src/main.c:485:6:sendATCommand	16	static
../Core/Src/main.c:497:6:Error_Handler	4	static,ignoring_inline_asm
